=== RUN   Test
=== RUN   Test/Suite
=== RUN   Test/Suite/testo!
=== RUN   Test/Suite/testo!/TestMath
--- PASS: Test (0.00s)
    --- PASS: Test/Suite (0.00s)
        --- PASS: Test/Suite/testo! (0.00s)
            --- PASS: Test/Suite/testo!/TestMath (0.00s)
PASS
ok  	github.com/ozontech/testo/examples/01_suite	0.212s
