=== RUN   Test
=== RUN   Test/Suite
    main_test.go:14: testo: collected 0 plugins: 
=== RUN   Test/Suite/testo!
=== RUN   Test/Suite/testo!/TestBar
    main_test.go:32: Marking test "Test/Suite/TestBar" as parallel
=== PAUSE Test/Suite/testo!/TestBar
=== RUN   Test/Suite/testo!/TestFoo
    main_test.go:32: Marking test "Test/Suite/TestFoo" as parallel
=== PAUSE Test/Suite/testo!/TestFoo
=== CONT  Test/Suite/testo!/TestBar
    main_test.go:61: Hello!
=== CONT  Test/Suite/testo!/TestFoo
--- PASS: Test (0.21s)
    --- PASS: Test/Suite (0.21s)
        --- PASS: Test/Suite/testo! (0.00s)
            --- PASS: Test/Suite/testo!/TestBar (0.00s)
            --- PASS: Test/Suite/testo!/TestFoo (0.20s)
PASS
ok  	github.com/ozontech/testo/examples/02_hooks	0.428s
